=== CI diagnostics ===
generated at : 2026-09-14T22:40:52Z
workflow run : 34905219940 attempt 1
head sha     : b754ab9352503dffd81ba4c976fac4c9ffa8bcca
build outcome: success

=== toolchain versions ===
openjdk version "21.0.12.1" 2026-08-18 LTS
OpenJDK Runtime Environment Temurin-21.0.12.1+1 (build 21.0.12.1+1-LTS)
OpenJDK 64-Bit Server VM Temurin-21.0.12.1+1 (build 21.0.12.1+1-LTS, mixed mode, sharing)
-- gradlew --version --

------------------------------------------------------------
Gradle 9.4.0
------------------------------------------------------------

Build time:    2026-03-04 10:36:00 UTC
Revision:      b631911858264c0b6e4d6603d677ff5218766cee

Kotlin:        2.3.0
Groovy:        4.0.29
Ant:           Apache Ant(TM) version 1.10.15 compiled on August 25 2024
Launcher JVM:  21.0.12.1 (Eclipse Adoptium 21.0.12.1+1-LTS)
Daemon JVM:    Compatible with Java 21, any vendor, nativeImageCapable=false (from gradle/gradle-daemon-jvm.properties)
OS:            Linux 6.17.0-1022-azure amd64


=== produced apk / aab ===
app/build/outputs/apk/debug/app-debug.apk

=== app/build/outputs tree ===
app/build/outputs
app/build/outputs/logs
app/build/outputs/logs/manifest-merger-debug-report.txt
app/build/outputs/apk
app/build/outputs/apk/debug
app/build/outputs/apk/debug/output-metadata.json
app/build/outputs/apk/debug/app-debug.apk

=== kotlin compile error lines (e:) ===

=== gradle 'What went wrong' block ===

=== gradle '* Exception is:' block ===

=== gradle 'Build failed' / 'FAILURE' block ===

=== gradle-build.log tail (1000) ===
Starting a Gradle Daemon (subsequent builds will be faster)
WARNING: We recommend using a newer Android Gradle plugin to use compile SDK version 37.0

This Android Gradle plugin (9.1.0) was tested up to compile SDK version 36.1.

You are strongly encouraged to update your project to use a newer
Android Gradle plugin that has been tested with compile SDK version 37.0.

If you are already using the latest version of the Android Gradle plugin,
you may need to wait until a newer version with support for compile SDK version 37.0 is available.

For more information refer to the compatibility table:
https://d.android.com/r/tools/api-level-support

To suppress this warning, add/update
    android.suppressUnsupportedCompileSdk=37.0
to this project's gradle.properties.
> Task :app:preBuild UP-TO-DATE
> Task :app:preDebugBuild UP-TO-DATE
> Task :app:mergeDebugNativeDebugMetadata NO-SOURCE
> Task :app:generateDebugBuildConfig
> Task :app:generateDebugResources
> Task :app:packageDebugResources
> Task :app:processDebugNavigationResources
> Task :app:generateDebugAssets UP-TO-DATE
> Task :app:javaPreCompileDebug
> Task :app:mergeDebugAssets
> Task :app:compressDebugAssets
> Task :app:desugarDebugFileDependencies
> Task :app:parseDebugLocalResources
> Task :app:mapDebugSourceSetPaths
> Task :app:checkDebugAarMetadata
> Task :app:generateDebugRFile
> Task :app:compileDebugNavigationResources
> Task :app:mergeDebugResources
> Task :app:createDebugCompatibleScreenManifests
> Task :app:extractDeepLinksDebug
> Task :app:processDebugMainManifest
> Task :app:processDebugManifest
> Task :app:processDebugManifestForPackage
> Task :app:checkDebugDuplicateClasses
> Task :app:mergeLibDexDebug
> Task :app:mergeDebugJniLibFolders
> Task :app:processDebugResources
> Task :app:mergeDebugNativeLibs
> Task :app:validateSigningDebug
> Task :app:writeDebugAppMetadata
> Task :app:writeDebugSigningConfigVersions
> Task :app:stripDebugDebugSymbols
> Task :app:mergeExtDexDebug

> Task :app:compileDebugKotlin
w: file:///home/runner/work/FuckMarketAds/FuckMarketAds/app/src/main/java/com/owo233/fuckmarketads/Settings.kt:95:27 Cast is redundant.
w: file:///home/runner/work/FuckMarketAds/FuckMarketAds/app/src/main/java/com/owo233/fuckmarketads/hooks/market/EnableSuperIsland.kt:50:64 This class is not recommended for use in Kotlin. Use 'kotlin.Boolean' instead.
w: file:///home/runner/work/FuckMarketAds/FuckMarketAds/app/src/main/java/com/owo233/fuckmarketads/ui/SettingsScreen.kt:102:69 Unnecessary non-null assertion (!!) on a non-null receiver of type 'XposedService'.

> Task :app:compileDebugJavaWithJavac
> Task :app:dexBuilderDebug
> Task :app:mergeDebugGlobalSynthetics
> Task :app:processDebugJavaRes
> Task :app:mergeProjectDexDebug
> Task :app:mergeDebugJavaResource
> Task :app:packageDebug
> Task :app:createDebugApkListingFileRedirect
> Task :app:assembleDebug
gradle/actions: Writing build results to /home/runner/work/_temp/.gradle-actions/build-results/build-1789425616980.json

[Incubating] Problems report is available at: file:///home/runner/work/FuckMarketAds/FuckMarketAds/build/reports/problems/problems-report.html

BUILD SUCCESSFUL in 41s
38 actionable tasks: 38 executed
Consider enabling configuration cache to speed up this build: https://docs.gradle.org/9.4.0/userguide/configuration_cache_enabling.html
